\BOOKMARK [1][-]{section.1}{\376\377\225\356\230\230\221\315\217\360\116\016\136\372\152\041\166\356\150\007}{}% 1
\BOOKMARK [1][-]{section.2}{\376\377\131\052\226\063\117\115\177\156\124\214\166\364\143\245\217\220\161\147\136\246}{}% 2
\BOOKMARK [1][-]{section.3}{\376\377\123\125\227\142\225\134\121\340\117\125\121\111\133\146\152\041\127\213}{}% 3
\BOOKMARK [2][-]{subsection.3.1}{\376\377\225\134\227\142\131\377\140\001}{section.3}% 4
\BOOKMARK [2][-]{subsection.3.2}{\376\377\131\052\226\063\127\006\166\330\116\016\123\315\134\004\121\111\176\277}{section.3}% 5
\BOOKMARK [2][-]{subsection.3.3}{\376\377\147\011\226\120\127\006\147\361\226\306\160\355\126\150}{section.3}% 6
\BOOKMARK [2][-]{subsection.3.4}{\376\377\220\156\143\041\060\001\142\052\145\255\116\016\122\237\163\207}{section.3}% 7
\BOOKMARK [1][-]{section.4}{\376\377\176\246\147\137\116\016\172\172\225\364\173\133\220\011}{}% 8
\BOOKMARK [1][-]{section.5}{\376\377\117\030\123\026\173\227\154\325}{}% 9
\BOOKMARK [2][-]{subsection.5.1}{\376\377\225\356\230\230\116\214\377\032\176\337\116\000\225\134\127\213}{section.5}% 10
\BOOKMARK [2][-]{subsection.5.2}{\376\377\225\356\230\230\116\011\377\032\137\002\147\204\225\134\127\213}{section.5}% 11
\BOOKMARK [2][-]{subsection.5.3}{\376\377\144\034\175\042\123\330\221\317\166\204\145\340\221\317\176\262\177\026\170\001}{section.5}% 12
\BOOKMARK [2][-]{subsection.5.4}{\376\377\136\003\134\100\165\037\142\020\116\016\120\031\220\011\225\134\154\140}{section.5}% 13
\BOOKMARK [2][-]{subsection.5.5}{\376\377\131\032\117\335\167\037\166\356\150\007\121\375\145\160\116\016\123\357\210\114\140\047\140\142\131\015}{section.5}% 14
\BOOKMARK [2][-]{subsection.5.6}{\376\377\122\040\225\134\116\016\134\100\220\350\145\071\217\333\166\204\122\044\133\232}{section.5}% 15
\BOOKMARK [2][-]{subsection.5.7}{\376\377\173\054\116\011\225\356\166\204\122\006\176\304\127\120\150\007\144\034\175\042}{section.5}% 16
\BOOKMARK [2][-]{subsection.5.8}{\376\377\136\166\210\114\060\001\177\023\133\130\124\214\176\323\147\234\133\241\213\241}{section.5}% 17
\BOOKMARK [2][-]{subsection.5.9}{\376\377\173\227\154\325\117\052\116\343\170\001}{section.5}% 18
\BOOKMARK [1][-]{section.6}{\376\377\145\160\120\074\133\236\163\260\116\016\131\015\150\070}{}% 19
\BOOKMARK [2][-]{subsection.6.1}{\376\377\131\032\117\335\167\037\116\016\136\166\210\114}{section.6}% 20
\BOOKMARK [2][-]{subsection.6.2}{\376\377\232\214\213\301\230\171\166\356}{section.6}% 21
\BOOKMARK [1][-]{section.7}{\376\377\225\356\230\230\116\000\166\204\131\015\173\227\176\323\147\234}{}% 22
\BOOKMARK [1][-]{section.8}{\376\377\217\320\210\114\145\271\137\017\124\214\123\357\131\015\163\260\140\047}{}% 23
\BOOKMARK [1][-]{section.9}{\376\377\213\250\213\272\116\016\134\100\226\120}{}% 24
\BOOKMARK [1][-]{section.10}{\376\377\176\323\213\272}{}% 25
