\BOOKMARK [1][-]{section.1}{\376\377\225\356\230\230\200\314\146\157\116\016\221\315\217\360}{}% 1
\BOOKMARK [2][-]{subsection.1.1}{\376\377\225\356\230\230\200\314\146\157}{section.1}% 2
\BOOKMARK [2][-]{subsection.1.2}{\376\377\225\356\230\230\221\315\217\360}{section.1}% 3
\BOOKMARK [1][-]{section.2}{\376\377\225\356\230\230\122\006\147\220}{}% 4
\BOOKMARK [1][-]{section.3}{\376\377\152\041\127\213\120\107\213\276}{}% 5
\BOOKMARK [1][-]{section.4}{\376\377\173\046\123\367\213\364\146\016}{}% 6
\BOOKMARK [1][-]{section.5}{\376\377\152\041\127\213\166\204\136\372\172\313\116\016\154\102\211\343}{}% 7
\BOOKMARK [2][-]{subsection.5.1}{\376\377\225\356\230\230\116\000\377\032\176\331\133\232\225\134\127\072\166\204\121\111\133\146\145\110\163\207\116\016\160\355\122\237\163\207}{section.5}% 8
\BOOKMARK [3][-]{subsubsection.5.1.1}{\376\377\217\223\121\145\145\160\143\156\116\016\213\241\173\227\145\366\122\073\166\204\176\304\176\307}{subsection.5.1}% 9
\BOOKMARK [3][-]{subsubsection.5.1.2}{\376\377\131\052\226\063\117\115\177\156\116\016\154\325\124\021\166\364\143\245\217\220\161\147\136\246}{subsection.5.1}% 10
\BOOKMARK [3][-]{subsubsection.5.1.3}{\376\377\225\134\227\142\131\377\140\001\116\016\136\163\227\142\123\315\134\004\121\340\117\125}{subsection.5.1}% 11
\BOOKMARK [3][-]{subsubsection.5.1.4}{\376\377\147\011\226\120\131\052\226\063\121\111\225\045\116\016\226\217\147\072\136\163\171\373\000\040\000H\000a\000l\000t\000o\000n\000\040\221\307\150\067}{subsection.5.1}% 12
\BOOKMARK [3][-]{subsubsection.5.1.5}{\376\377\226\064\137\161\060\001\220\156\143\041\116\016\147\011\226\120\127\006\147\361\231\226\153\041\124\175\116\055}{subsection.5.1}% 13
\BOOKMARK [3][-]{subsubsection.5.1.6}{\376\377\145\110\163\207\060\001\121\150\127\072\122\237\163\207\116\016\145\366\225\364\136\163\127\107}{subsection.5.1}% 14
\BOOKMARK [3][-]{subsubsection.5.1.7}{\376\377\225\356\230\230\116\000\166\204\147\010\127\107\116\016\136\164\127\107\213\241\173\227\176\323\147\234}{subsection.5.1}% 15
\BOOKMARK [3][-]{subsubsection.5.1.8}{\376\377\225\356\230\230\116\000\166\204\172\172\225\364\122\006\136\003\116\016\116\343\210\150\145\366\122\073\135\356\137\002}{subsection.5.1}% 16
\BOOKMARK [2][-]{subsection.5.2}{\376\377\225\356\230\230\116\214\377\032\176\337\116\000\225\134\127\213\166\204\116\244\225\031\163\257\137\142\136\003\134\100\117\030\123\026}{section.5}% 17
\BOOKMARK [3][-]{subsubsection.5.2.1}{\376\377\213\276\213\241\123\330\221\317\060\001\166\356\150\007\121\375\145\160\116\016\121\340\117\125\176\246\147\137}{subsection.5.2}% 18
\BOOKMARK [3][-]{subsubsection.5.2.2}{\376\377\122\006\123\072\116\244\225\031\127\006\163\257\116\016\174\276\170\156\163\257\215\335\143\250\133\374}{subsection.5.2}% 19
\BOOKMARK [3][-]{subsubsection.5.2.3}{\376\377\176\304\124\010\173\133\220\011\060\001\134\100\220\350\176\306\123\026\116\016\133\271\221\317\176\246\147\137\122\040\225\134}{subsection.5.2}% 20
\BOOKMARK [3][-]{subsubsection.5.2.4}{\376\377\225\356\230\230\116\214\166\204\213\276\213\241\123\302\145\160\116\016\172\172\225\364\136\003\134\100}{subsection.5.2}% 21
\BOOKMARK [3][-]{subsubsection.5.2.5}{\376\377\225\356\230\230\116\214\166\204\147\010\127\107\176\323\147\234\116\016\213\276\213\241\211\343\221\312}{subsection.5.2}% 22
\BOOKMARK [2][-]{subsection.5.3}{\376\377\225\356\230\230\116\011\377\032\122\006\134\102\232\330\136\246\116\016\220\020\225\134\171\273\145\143\227\142\171\357\122\006\221\115}{section.5}% 23
\BOOKMARK [3][-]{subsubsection.5.3.1}{\376\377\137\002\147\204\213\276\213\241\123\330\221\317\116\016\137\204\124\021\232\330\136\246\121\110\232\214}{subsection.5.3}% 24
\BOOKMARK [3][-]{subsubsection.5.3.2}{\376\377\220\020\225\134\211\304\150\074\116\343\164\006\210\150\116\016\142\311\150\074\147\027\145\345\227\142\171\357\116\367\150\074}{subsection.5.3}% 25
\BOOKMARK [3][-]{subsubsection.5.3.3}{\376\377\116\343\164\006\213\357\135\356\060\001\200\046\124\010\131\015\173\227\116\016\133\236\226\105\154\102\211\343\153\145\232\244}{subsection.5.3}% 26
\BOOKMARK [3][-]{subsubsection.5.3.4}{\376\377\225\356\230\230\116\011\166\204\147\000\176\310\213\276\213\241\116\016\172\172\225\364\176\323\147\234}{subsection.5.3}% 27
\BOOKMARK [3][-]{subsubsection.5.3.5}{\376\377\225\356\230\230\116\011\166\204\147\010\127\107\176\323\147\234\116\016\227\142\171\357\145\066\166\312}{subsection.5.3}% 28
\BOOKMARK [3][-]{subsubsection.5.3.6}{\376\377\137\002\147\204\122\006\136\003\166\204\121\340\117\125\211\343\221\312\116\016\135\345\172\013\124\053\116\111}{subsection.5.3}% 29
\BOOKMARK [1][-]{section.6}{\376\377\152\041\127\213\150\300\232\214\116\016\176\323\147\234\122\006\147\220}{}% 30
\BOOKMARK [2][-]{subsection.6.1}{\376\377\121\340\117\125\123\357\210\114\140\047\116\016\200\375\221\317\116\000\201\364\140\047}{section.6}% 31
\BOOKMARK [2][-]{subsection.6.2}{\376\377\221\307\150\067\122\240\133\306\116\016\162\354\172\313\226\217\147\072\123\026\150\300\232\214}{section.6}% 32
\BOOKMARK [2][-]{subsection.6.3}{\376\377\162\151\164\006\123\302\145\160\145\117\141\037\140\047\116\016\133\271\221\317\210\325\221\317}{section.6}% 33
\BOOKMARK [1][-]{section.7}{\376\377\152\041\127\213\213\304\116\367\116\016\143\250\136\177\145\071\217\333}{}% 34
\BOOKMARK [2][-]{subsection.7.1}{\376\377\152\041\127\213\166\204\117\030\160\271}{section.7}% 35
\BOOKMARK [2][-]{subsection.7.2}{\376\377\152\041\127\213\166\204\134\100\226\120}{section.7}% 36
\BOOKMARK [2][-]{subsection.7.3}{\376\377\143\250\136\177\116\016\145\071\217\333\145\271\124\021}{section.7}% 37
\BOOKMARK [1][-]{section.8}{\376\377\176\323\213\272}{}% 38
\BOOKMARK [1][-]{appendix.A}{\376\377\123\302\200\003\145\207\163\056}{}% 39
\BOOKMARK [1][-]{appendix.B}{\376\377\145\160\143\156\145\207\116\366\116\016\131\015\163\260\153\145\232\244}{}% 40
\BOOKMARK [1][-]{appendix.C}{\376\377\121\163\225\056\173\227\154\325\116\343\170\001}{}% 41
\BOOKMARK [2][-]{subsection.C.1}{\376\377\122\006\123\072\116\244\225\031\127\006\163\257\165\037\142\020}{appendix.C}% 42
\BOOKMARK [2][-]{subsection.C.2}{\376\377\227\142\171\357\116\367\150\074\220\011\142\351\116\016\116\214\122\006\146\364\145\260}{appendix.C}% 43
\BOOKMARK [1][-]{appendix.D}{\376\377\210\145\121\105\126\376\137\142}{}% 44
\BOOKMARK [1][-]{appendix.E}{\376\377\116\272\135\345\146\172\200\375\135\345\121\167\117\177\165\050\213\364\146\016}{}% 45
